// Jest Snapshot v1, https://goo.gl/fbAQLP

exports[`Main should render correctly 1`] = `
<form
  className="main"
>
  <div
    className="content"
  >
    <span
      className="exchangeRate"
    >
      1 EUR = 0.87467 GBP
    </span>
    <div
      className="selector"
    >
      <div>
        <div
          className="dropdown dropdown"
        >
          <button
            aria-haspopup="listbox"
            className="button"
            id="select-from"
            onClick={[Function]}
            type="button"
          >
            EUR
          </button>
          <ul
            className="options"
            role="listbox"
          >
            <li
              aria-selected={false}
              className="option"
              data-value="EUR"
              onClick={[Function]}
              onKeyDown={[Function]}
              role="option"
              tabIndex="0"
            >
              EUR
            </li>
            <li
              aria-selected={false}
              className="option"
              data-value="GBP"
              onClick={[Function]}
              onKeyDown={[Function]}
              role="option"
              tabIndex="0"
            >
              GBP
            </li>
            <li
              aria-selected={false}
              className="option"
              data-value="USD"
              onClick={[Function]}
              onKeyDown={[Function]}
              role="option"
              tabIndex="0"
            >
              USD
            </li>
          </ul>
        </div>
        <span
          className="balance"
        >
          Balance: 
          €
          10
        </span>
        <label
          className="label"
          htmlFor="input-from"
        >
          From (-)
        </label>
        <input
          autoComplete="off"
          className="input"
          id="input-from"
          onChange={[Function]}
          type="text"
          value={0}
        />
        <div
          className="exceedsBalanceMessage"
        />
      </div>
    </div>
    <div
      className="selector"
    >
      <div>
        <div
          className="dropdown dropdown"
        >
          <button
            aria-haspopup="listbox"
            className="button"
            id="select-to"
            onClick={[Function]}
            type="button"
          >
            GBP
          </button>
          <ul
            className="options"
            role="listbox"
          >
            <li
              aria-selected={false}
              className="option"
              data-value="EUR"
              onClick={[Function]}
              onKeyDown={[Function]}
              role="option"
              tabIndex="0"
            >
              EUR
            </li>
            <li
              aria-selected={false}
              className="option"
              data-value="GBP"
              onClick={[Function]}
              onKeyDown={[Function]}
              role="option"
              tabIndex="0"
            >
              GBP
            </li>
            <li
              aria-selected={false}
              className="option"
              data-value="USD"
              onClick={[Function]}
              onKeyDown={[Function]}
              role="option"
              tabIndex="0"
            >
              USD
            </li>
          </ul>
        </div>
        <span
          className="balance"
        >
          Balance: 
          £
          10
        </span>
        <label
          className="label"
          htmlFor="input-to"
        >
          To (+)
        </label>
        <input
          autoComplete="off"
          className="input"
          id="input-to"
          onChange={[Function]}
          type="text"
          value={0}
        />
        <div
          className="exceedsBalanceMessage"
        />
      </div>
    </div>
    <div
      className="buttonWrapper"
    >
      <button
        className="button button"
        disabled={false}
        id="btnExchange"
        onClick={[Function]}
        type="submit"
      >
        Exchange
      </button>
    </div>
  </div>
</form>
`;
