// Jest Snapshot v1, https://goo.gl/fbAQLP

exports[`CurrencySelector should render correctly (type="number") 1`] = `
<div>
  <div
    className="dropdown dropdown"
  >
    <button
      aria-haspopup="listbox"
      className="button"
      id="select-from"
      onClick={[Function]}
      type="button"
    >
      option1
    </button>
    <ul
      className="options"
      role="listbox"
    >
      <li
        aria-selected={false}
        className="option"
        data-value="val1"
        onClick={[Function]}
        onKeyDown={[Function]}
        role="option"
        tabIndex="0"
      >
        option1
      </li>
      <li
        aria-selected={false}
        className="option"
        data-value="val2"
        onClick={[Function]}
        onKeyDown={[Function]}
        role="option"
        tabIndex="0"
      >
        option2
      </li>
      <li
        aria-selected={false}
        className="option"
        data-value="val3"
        onClick={[Function]}
        onKeyDown={[Function]}
        role="option"
        tabIndex="0"
      >
        option3
      </li>
    </ul>
  </div>
  <span
    className="balance"
  >
    Balance: 
  </span>
  <label
    className="label"
    htmlFor="input-from"
  >
    From
  </label>
  <input
    autoComplete="off"
    className="input"
    id="input-from"
    onChange={[Function]}
    type="text"
    value={null}
  />
  <div
    className="exceedsBalanceMessage"
  />
</div>
`;
